// Jest Snapshot v1, https://goo.gl/fbAQLP

exports[`EditMember component testing renders UI as expected 1`] = `
<form
  className="editMemberForm"
  onSubmit={[Function]}
>
  <fieldset
    className="Fieldset"
  >
    <legend
      className="Legend videoGameTitles"
    >
      Edit Member
    </legend>
    <div
      className="FormElement formElement"
    >
      <label
        className="Label"
        htmlFor="name"
      >
        Name
      </label>
      <input
        className="Input"
        id="name"
        name="name"
        onChange={[Function]}
        placeholder="Elliott"
        type="text"
        value="test"
      />
    </div>
    <div
      className="FormElement formElement"
    >
      <label
        className="Label"
        htmlFor="username"
      >
        Member Username
      </label>
      <input
        className="Input"
        id="username"
        name="username"
        onChange={[Function]}
        placeholder="elliot123"
        type="text"
        value="test-user"
      />
    </div>
    <div
      className="FormElement formElement"
    >
      <label
        className="Label"
        htmlFor="password"
      >
        Member Password
      </label>
      <input
        className="Input"
        id="password"
        name="password"
        onChange={[Function]}
        onFocus={[Function]}
        type="password"
      />
    </div>
    <div
      className="FormElement formElement"
    >
      <label
        className="Label"
        htmlFor="confirmPass"
      >
        Confirm Password
      </label>
      <input
        className="Input"
        id="confirmPass"
        name="confirmPass"
        onChange={[Function]}
        type="password"
      />
    </div>
    <div
      className="formButtons"
    >
      <button
        className="arcadeButton"
        onClick={[Function]}
        type="button"
      >
        Cancel
      </button>
      <button
        className="arcadeButton"
        type="submit"
      >
        Submit
      </button>
    </div>
  </fieldset>
</form>
`;
