// Jest Snapshot v1, https://goo.gl/fbAQLP

exports[`Form component testing renders UI as expected 1`] = `
<input
  className="Input"
  type="text"
/>
`;

exports[`Form component testing renders empty given no tabs 1`] = `
<input
  className="Input"
  type="text"
/>
`;
